Equal-budget evaluation 2007 11 groups
Equal-budget evaluation 2008 11 groups
Equal-budget evaluation 2009 11 groups
Equal-budget evaluation 2010 11 groups
Equal-budget evaluation 2011 11 groups
Equal-budget evaluation 2012 11 groups
Equal-budget evaluation 2013 11 groups
Equal-budget evaluation 2014 11 groups
Equal-budget evaluation 2015 11 groups
Equal-budget evaluation 2016 11 groups
Equal-budget evaluation 2017 11 groups
Equal-budget evaluation 2018 11 groups
Equal-budget evaluation 2019 11 groups
Equal-budget evaluation 2020 11 groups
Equal-budget evaluation 2021 11 groups
Equal-budget evaluation 2022 11 groups
Equal-budget evaluation 2023 11 groups
Equal-budget evaluation 2024 11 groups
TARGET COMPLETE loss10
Equal-budget evaluation 2007 11 groups
Equal-budget evaluation 2008 11 groups
Equal-budget evaluation 2009 11 groups
Equal-budget evaluation 2010 11 groups
Equal-budget evaluation 2011 11 groups
Equal-budget evaluation 2012 11 groups
Equal-budget evaluation 2013 11 groups
Equal-budget evaluation 2014 11 groups
Equal-budget evaluation 2015 11 groups
Equal-budget evaluation 2016 11 groups
Equal-budget evaluation 2017 11 groups
Equal-budget evaluation 2018 11 groups
Equal-budget evaluation 2019 11 groups
Equal-budget evaluation 2020 11 groups
Equal-budget evaluation 2021 11 groups
Equal-budget evaluation 2022 11 groups
Equal-budget evaluation 2023 11 groups
Equal-budget evaluation 2024 11 groups
TARGET COMPLETE loss075
Equal-budget evaluation 2007 11 groups
Equal-budget evaluation 2008 11 groups
Equal-budget evaluation 2009 11 groups
Equal-budget evaluation 2010 11 groups
Equal-budget evaluation 2011 11 groups
Equal-budget evaluation 2012 11 groups
Equal-budget evaluation 2013 11 groups
Equal-budget evaluation 2014 11 groups
Equal-budget evaluation 2015 11 groups
Equal-budget evaluation 2016 11 groups
Equal-budget evaluation 2017 11 groups
Equal-budget evaluation 2018 11 groups
Equal-budget evaluation 2019 11 groups
Equal-budget evaluation 2020 11 groups
Equal-budget evaluation 2021 11 groups
Equal-budget evaluation 2022 11 groups
Equal-budget evaluation 2023 11 groups
Equal-budget evaluation 2024 11 groups
TARGET COMPLETE loss05
Classic correction year 2007
Classic correction year 2008
Classic correction year 2009
Classic correction year 2010
Classic correction year 2011
Classic correction year 2012
Classic correction year 2013
Classic correction year 2014
Classic correction year 2015
Classic correction year 2016
Classic correction year 2017
Classic correction year 2018
Classic correction year 2019
Classic correction year 2020
Classic correction year 2021
Classic correction year 2022
Classic correction year 2023
Classic correction year 2024
IMPROVEMENT STUDY COMPLETE 122.0 seconds
exit 0
